"Transformers: Age of Extinction","2014",""
"X-Men: Days of Future Past","2014",""
