"Insidious: Chapter 2","2013","7.1"
"Now You See Me","2013","7.3"
"Prisoners","2013","8.2"
"Rush","2013","8.3"
"The Hunger Games: Catching Fire","2013",""
"This Is the End","2013","7.2"
"Thor: The Dark World","2013",""
"Transformers: Age of Extinction","2014",""
"World War Z","2013","7.1"
"X-Men: Days of Future Past","2014",""
