"","d008089a1cb90697b3bbef6941c29624"
"","f1f4064e7780cc73cefd9bf3e3ec5e5c"
"7.1","0573c5cea38a536e2ea911e1d23ac083"
"7.3","4245e6dcfce5a9275511ec172690977e"
"8.2","9b20dbf9a7f06306ef49368827ffa11b"
"8.3","a214d738e894ec7c6b4137f5265daa9a"
"","ef32318cfef9aa96c9ceb973a7b3a642"
"7.2","94ecb1a4a5b002e7063f78d9b60cd041"
"","7f7968accdac206fed62393066f51388"
"7.1","084592b8967def33d25ef52abcc0b583"
